declare namespace Api {
  interface SimpleClass {
    serializedType: number;
  }
}

---
