declare namespace Api {
  interface SimpleClass {
    serializedType: number;
    ignoredType: number;
  }
}

---
