declare namespace Api {
  interface TestTypeWithFields {
    stringField: string;
    intField: number;
  }
}
