declare namespace Api {
  interface TestTypeWithFieldsAndProps {
    stringProp: string;
  }
}
