declare namespace Api {
  interface TypeWithPrivateProperties {
    publicGuidProp: string;
  }
}
