declare namespace Api {
  interface TypeWithNestedNullable {
    nestedThing: NestedType;
  }
  interface NestedType {
    nullableInt: number | null;
    nullableDateTime: string;
  }
}
