declare namespace Api {
  interface TypeWithNullable {
    nullableInt: number | null;
    nullableGuid: string | null;
  }
}
