declare namespace Api {
  interface TypeWithPropThatInheritsFromIEnumerable {
    derivedFromList: number[];
  }
}
