declare namespace Api {
  interface TypeWithComplexDictionaryValue {
    dictProp: { [key: number]: ComplexType };
  }
  interface ComplexType {
    aProp: string;
  }
}
