declare namespace Api {
  interface TypeWithDictionaryProp {
    dictProp: { [key: string]: number };
  }
}
