declare namespace Api {
  interface TypeWithCustomValueTypeProp {
    testStructProp: TestStruct;
  }
  interface TestStruct {
    intProp: number;
  }
}
