declare namespace Api {
  interface SimpleTypesOnly {
    intType: number;
    longType: number;
    stringType: string;
    decimalType: number;
  }
}
