declare namespace Api {
  interface TypeWithCustomDictionaryProp {
    dictProp: { [key: string]: number };
  }
}

---
