declare namespace Api {
  interface TypeWithDictionaryAndEnumPropAsValue {
    enumDictionary: { [key: string]: 'FirstValue' | 'SecondValue' | 'ThirdValue' };
  }
}

---
function mkenum<T extends {[index: string]: U}, U extends string>(x: T) { return x; }

const TestEnum = mkenum({
  FirstValue: 'FirstValue',
  SecondValue: 'SecondValue',
  ThirdValue: 'ThirdValue',
});
export type TestEnum = (typeof TestEnum)[keyof typeof TestEnum];

