declare namespace Api {
  interface TypeWithOpenGenericArguments<T> {
  }
}
