declare namespace Api {
  interface TypeWithNestedNullable {
    nestedThing: NestedType;
  }
  interface NestedType {
    nullableInt?: number;
    nullableDateTime: string;
  }
}
