declare namespace Api {
  interface TypeWithEnum {
    anEnum: 'FirstEnum' | 'SecondEnum' | 'ThirdEnum';
  }
}

---

export enum EnumType {
  FirstEnum = 'FirstEnum',
  SecondEnum = 'SecondEnum',
  ThirdEnum = 'ThirdEnum',
}

