declare namespace Api {
  interface TypeWithValuedEnum {
    enumWithValueProp: 'First' | 'Second' | 'Third';
  }
}

---

enum EnumType {
  First = 1,
  Second = 2,
  Third = 3,
}

