declare namespace Api {
  interface TypeWithArrayProp {
    arrayProp: string[];
  }
}
