declare namespace Api {
  interface TypeWithGenericParent {
  }
}
