declare namespace Api {
  interface TypeWithBaseClass extends BaseClass {
  }
  interface BaseClass {
    property: string;
  }
}
